CCS PCM C Compiler, Version 5.005d, 1               11-jul-13 12:41
Compiler operating in Evaluation Mode
To obtain a fully enabled compiler visit www.ccsinfo.com/products

               Filename:   C:\Users\p2\kareem\GitHub\playroom\tooogle2\leds_parpadeantes.lst

               ROM used:   368 words (4%)
                           Largest free fragment is 2048
               RAM used:   26 (7%) at main() level
                           33 (9%) worst case
               Stack used: 1 locations (0 in main + 1 for interrupts)
               Stack size: 8

*
0000:  MOVLW  01
0001:  MOVWF  0A
0002:  GOTO   140
0003:  NOP
0004:  MOVWF  7F
0005:  SWAPF  03,W
0006:  CLRF   03
0007:  MOVWF  21
0008:  MOVF   0A,W
0009:  MOVWF  20
000A:  CLRF   0A
000B:  MOVF   04,W
000C:  MOVWF  22
000D:  MOVF   77,W
000E:  MOVWF  23
000F:  MOVF   78,W
0010:  MOVWF  24
0011:  MOVF   79,W
0012:  MOVWF  25
0013:  MOVF   7A,W
0014:  MOVWF  26
0015:  BCF    03.7
0016:  BCF    03.5
0017:  BTFSS  0B.5
0018:  GOTO   01B
0019:  BTFSC  0B.2
001A:  GOTO   02C
001B:  MOVF   22,W
001C:  MOVWF  04
001D:  MOVF   23,W
001E:  MOVWF  77
001F:  MOVF   24,W
0020:  MOVWF  78
0021:  MOVF   25,W
0022:  MOVWF  79
0023:  MOVF   26,W
0024:  MOVWF  7A
0025:  MOVF   20,W
0026:  MOVWF  0A
0027:  SWAPF  21,W
0028:  MOVWF  03
0029:  SWAPF  7F,F
002A:  SWAPF  7F,W
002B:  RETFIE
002C:  BCF    0A.3
002D:  BCF    0A.4
002E:  GOTO   037
.................... #include <16f887.h> 
.................... //////// Standard Header file for the PIC16F887 device //////////////// 
.................... #device PIC16F887 
002F:  BCF    0A.0
0030:  BCF    0A.1
0031:  BCF    0A.2
0032:  ADDWF  02,F
0033:  RETLW  28
0034:  RETLW  0C
0035:  RETLW  01
0036:  RETLW  06
....................  
.................... #list 
....................  
.................... #use delay (clock=8000000) 
*
0050:  MOVLW  35
0051:  MOVWF  04
0052:  BCF    03.7
0053:  MOVF   00,W
0054:  BTFSC  03.2
0055:  GOTO   063
0056:  MOVLW  02
0057:  MOVWF  78
0058:  CLRF   77
0059:  DECFSZ 77,F
005A:  GOTO   059
005B:  DECFSZ 78,F
005C:  GOTO   058
005D:  MOVLW  97
005E:  MOVWF  77
005F:  DECFSZ 77,F
0060:  GOTO   05F
0061:  DECFSZ 00,F
0062:  GOTO   056
0063:  RETURN
.................... #fuses INTRC_IO 
.................... #BYTE puertoA = 0x05 
.................... #include "timers.c" 
.................... #ifndef __TIMERS__ 
.................... #define __TIMERS__ 
....................  
....................       #define N_TIMERS   10 
....................       #define _10ms      1 
....................       #define _20ms      2 
....................       #define _50ms      5 
....................       #define _100ms     10 
....................       #define _500ms     50 
....................       #define _1s        100 
....................       #define _2s        200 
....................  
....................       int8 gTimers = N_TIMERS; 
....................       int8 aTimer[N_TIMERS]; 
....................        
....................       void timers_init(void) 
....................       {      
....................              
....................             setup_timer_0(RTCC_INTERNAL | RTCC_DIV_256); 
*
0115:  BSF    03.5
0116:  MOVF   01,W
0117:  ANDLW  C0
0118:  IORLW  07
0119:  MOVWF  01
....................             enable_interrupts(INT_TIMER0); 
011A:  BCF    03.5
011B:  BSF    0B.5
....................             set_timer0(178); 
011C:  MOVLW  B2
011D:  MOVWF  01
011E:  BCF    0A.3
011F:  BCF    0A.4
0120:  GOTO   159 (RETURN)
....................              
....................       } 
....................        
....................       void timers_set_time(int8 timer, int8 time) 
....................       { 
....................           aTimer[timer] = time; 
0121:  MOVLW  28
0122:  ADDWF  34,W
0123:  MOVWF  04
0124:  BCF    03.7
0125:  MOVF   35,W
0126:  MOVWF  00
0127:  RETURN
....................       } 
....................        
....................       int8 timers_get_time(int8 timer) 
....................       { 
....................          return aTimer[timer]; 
0128:  MOVLW  28
0129:  ADDWF  34,W
012A:  MOVWF  04
012B:  BCF    03.7
012C:  MOVF   00,W
012D:  MOVWF  78
012E:  BCF    0A.3
012F:  BCF    0A.4
0130:  GOTO   163 (RETURN)
....................       } 
....................        
....................       #int_timer0 
....................       void timers_isr(void) 
....................       { 
....................         set_timer0(178); 
*
0037:  MOVLW  B2
0038:  MOVWF  01
....................         while(gTimers) 
0039:  MOVF   27,F
003A:  BTFSC  03.2
003B:  GOTO   04A
....................         { 
....................           gTimers--; 
003C:  DECF   27,F
....................           if(aTimer[gTimers]!= 0) 
003D:  MOVLW  28
003E:  ADDWF  27,W
003F:  MOVWF  04
0040:  BCF    03.7
0041:  MOVF   00,F
0042:  BTFSC  03.2
0043:  GOTO   049
....................           { 
....................              aTimer[gTimers]--; 
0044:  MOVLW  28
0045:  ADDWF  27,W
0046:  MOVWF  04
0047:  BCF    03.7
0048:  DECF   00,F
....................           } 
0049:  GOTO   039
....................         } 
....................         gTimers=N_TIMERS; 
004A:  MOVLW  0A
004B:  MOVWF  27
....................       } 
.................... #endif       
....................  
....................  
.................... #include "bsp.c" 
.................... #ifndef __BSP__ 
.................... #define __BSP__ 
....................      
....................     #include <lcd.c>     
.................... /////////////////////////////////////////////////////////////////////////////// 
.................... ////                             LCD.C                                     //// 
.................... ////                 Driver for common LCD modules                         //// 
.................... ////                                                                       //// 
.................... ////  lcd_init()   Must be called before any other function.               //// 
.................... ////                                                                       //// 
.................... ////  lcd_putc(c)  Will display c on the next position of the LCD.         //// 
.................... ////                 \a  Set cursor position to upper left                 //// 
.................... ////                 \f  Clear display, set cursor to upper left           //// 
.................... ////                 \n  Go to start of second line                        //// 
.................... ////                 \b  Move back one position                            //// 
.................... ////              If LCD_EXTENDED_NEWLINE is defined, the \n character     //// 
.................... ////              will erase all remanining characters on the current      //// 
.................... ////              line, and move the cursor to the beginning of the next   //// 
.................... ////              line.                                                    //// 
.................... ////              If LCD_EXTENDED_NEWLINE is defined, the \r character     //// 
.................... ////              will move the cursor to the start of the current         //// 
.................... ////              line.                                                    //// 
.................... ////                                                                       //// 
.................... ////  lcd_gotoxy(x,y) Set write position on LCD (upper left is 1,1)        //// 
.................... ////                                                                       //// 
.................... ////  lcd_getc(x,y)   Returns character at position x,y on LCD             //// 
.................... ////                                                                       //// 
.................... ////  lcd_cursor_on(int1 on)   Turn the cursor on (on=TRUE) or off         //// 
.................... ////              (on=FALSE).                                              //// 
.................... ////                                                                       //// 
.................... ////  lcd_set_cgram_char(w, *p)   Write a custom character to the CGRAM.   //// 
.................... ////                                                                       //// 
.................... ////                                                                       //// 
.................... ////  CONFIGURATION                                                        //// 
.................... ////  The LCD can be configured in one of two ways: a.) port access or     //// 
.................... ////  b.) pin access.  Port access requires the entire 7 bit interface     //// 
.................... ////  connected to one GPIO port, and the data bits (D4:D7 of the LCD)     //// 
.................... ////  connected to sequential pins on the GPIO.  Pin access                //// 
.................... ////  has no requirements, all 7 bits of the control interface can         //// 
.................... ////  can be connected to any GPIO using several ports.                    //// 
.................... ////                                                                       //// 
.................... ////  To use port access, #define LCD_DATA_PORT to the SFR location of     //// 
.................... ////  of the GPIO port that holds the interface, -AND- edit LCD_PIN_MAP    //// 
.................... ////  of this file to configure the pin order.  If you are using a         //// 
.................... ////  baseline PIC (PCB), then LCD_OUTPUT_MAP and LCD_INPUT_MAP also must  //// 
.................... ////  be defined.                                                          //// 
.................... ////                                                                       //// 
.................... ////  Example of port access:                                              //// 
.................... ////     #define LCD_DATA_PORT getenv("SFR:PORTD")                         //// 
.................... ////                                                                       //// 
.................... ////  To use pin access, the following pins must be defined:               //// 
.................... ////     LCD_ENABLE_PIN                                                    //// 
.................... ////     LCD_RS_PIN                                                        //// 
.................... ////     LCD_RW_PIN                                                        //// 
.................... ////     LCD_DATA4                                                         //// 
.................... ////     LCD_DATA5                                                         //// 
.................... ////     LCD_DATA6                                                         //// 
.................... ////     LCD_DATA7                                                         //// 
.................... ////                                                                       //// 
.................... ////  Example of pin access:                                               //// 
.................... ////     #define LCD_ENABLE_PIN  PIN_E0                                    //// 
.................... ////     #define LCD_RS_PIN      PIN_E1                                    //// 
.................... ////     #define LCD_RW_PIN      PIN_E2                                    //// 
.................... ////     #define LCD_DATA4       PIN_D4                                    //// 
.................... ////     #define LCD_DATA5       PIN_D5                                    //// 
.................... ////     #define LCD_DATA6       PIN_D6                                    //// 
.................... ////     #define LCD_DATA7       PIN_D7                                    //// 
.................... ////                                                                       //// 
.................... /////////////////////////////////////////////////////////////////////////////// 
.................... ////        (C) Copyright 1996,2010 Custom Computer Services           //// 
.................... //// This source code may only be used by licensed users of the CCS C  //// 
.................... //// compiler.  This source code may only be distributed to other      //// 
.................... //// licensed users of the CCS C compiler.  No other use, reproduction //// 
.................... //// or distribution is permitted without written permission.          //// 
.................... //// Derivative programs created using this software in object code    //// 
.................... //// form are not restricted in any way.                               //// 
.................... /////////////////////////////////////////////////////////////////////////// 
....................  
.................... #ifndef __LCD_C__ 
004C:  BCF    0B.2
004D:  BCF    0A.3
004E:  BCF    0A.4
004F:  GOTO   01B
.................... #define __LCD_C__ 
....................  
.................... // define the pinout. 
.................... // only required if port access is being used. 
.................... typedef struct   
.................... {                            // This structure is overlayed 
....................    int1 enable;           // on to an I/O port to gain 
....................    int1 rs;               // access to the LCD pins. 
....................    int1 rw;               // The bits are allocated from 
....................    int1 unused;           // low order up.  ENABLE will 
....................    unsigned int     data : 4;         // be LSB pin of that port. 
....................   #if defined(__PCD__)       // The port used will be LCD_DATA_PORT. 
....................    unsigned int    reserved: 8; 
....................   #endif 
.................... } LCD_PIN_MAP; 
....................  
.................... // this is to improve compatability with previous LCD drivers that accepted 
.................... // a define labeled 'use_portb_lcd' that configured the LCD onto port B. 
.................... #if ((defined(use_portb_lcd)) && (use_portb_lcd==TRUE)) 
....................  #define LCD_DATA_PORT getenv("SFR:PORTB") 
.................... #endif 
....................  
.................... #if defined(__PCB__) 
....................    // these definitions only need to be modified for baseline PICs. 
....................    // all other PICs use LCD_PIN_MAP or individual LCD_xxx pin definitions. 
.................... /*                                    EN, RS,   RW,   UNUSED,  DATA  */ 
....................  const LCD_PIN_MAP LCD_OUTPUT_MAP =  {0,  0,    0,    0,       0}; 
....................  const LCD_PIN_MAP LCD_INPUT_MAP =   {0,  0,    0,    0,       0xF}; 
.................... #endif 
....................  
.................... ////////////////////// END CONFIGURATION /////////////////////////////////// 
....................  
.................... #ifndef LCD_ENABLE_PIN 
....................    #define lcd_output_enable(x) lcdlat.enable=x 
....................    #define lcd_enable_tris()   lcdtris.enable=0 
.................... #else 
....................    #define lcd_output_enable(x) output_bit(LCD_ENABLE_PIN, x) 
....................    #define lcd_enable_tris()  output_drive(LCD_ENABLE_PIN) 
.................... #endif 
....................  
.................... #ifndef LCD_RS_PIN 
....................    #define lcd_output_rs(x) lcdlat.rs=x 
....................    #define lcd_rs_tris()   lcdtris.rs=0 
.................... #else 
....................    #define lcd_output_rs(x) output_bit(LCD_RS_PIN, x) 
....................    #define lcd_rs_tris()  output_drive(LCD_RS_PIN) 
.................... #endif 
....................  
.................... #ifndef LCD_RW_PIN 
....................    #define lcd_output_rw(x) lcdlat.rw=x 
....................    #define lcd_rw_tris()   lcdtris.rw=0 
.................... #else 
....................    #define lcd_output_rw(x) output_bit(LCD_RW_PIN, x) 
....................    #define lcd_rw_tris()  output_drive(LCD_RW_PIN) 
.................... #endif 
....................  
.................... // original version of this library incorrectly labeled LCD_DATA0 as LCD_DATA4, 
.................... // LCD_DATA1 as LCD_DATA5, and so on.  this block of code makes the driver 
.................... // compatible with any code written for the original library 
.................... #if (defined(LCD_DATA0) && defined(LCD_DATA1) && defined(LCD_DATA2) && defined(LCD_DATA3) && !defined(LCD_DATA4) && !defined(LCD_DATA5) && !defined(LCD_DATA6) && !defined(LCD_DATA7)) 
....................    #define  LCD_DATA4    LCD_DATA0 
....................    #define  LCD_DATA5    LCD_DATA1 
....................    #define  LCD_DATA6    LCD_DATA2 
....................    #define  LCD_DATA7    LCD_DATA3 
.................... #endif 
....................  
.................... #ifndef LCD_DATA4 
.................... #ifndef LCD_DATA_PORT 
....................    #if defined(__PCB__) 
....................       #define LCD_DATA_PORT      0x06     //portb 
....................       #define set_tris_lcd(x)   set_tris_b(x) 
....................    #else 
....................      #if defined(PIN_D0) 
....................       #define LCD_DATA_PORT      getenv("SFR:PORTD")     //portd 
....................      #else 
....................       #define LCD_DATA_PORT      getenv("SFR:PORTB")     //portb 
....................      #endif 
....................    #endif    
.................... #endif 
....................  
.................... #if defined(__PCB__) 
....................    LCD_PIN_MAP lcd, lcdlat; 
....................    #byte lcd = LCD_DATA_PORT 
....................    #byte lcdlat = LCD_DATA_PORT 
.................... #elif defined(__PCM__) 
....................    LCD_PIN_MAP lcd, lcdlat, lcdtris; 
....................    #byte lcd = LCD_DATA_PORT 
....................    #byte lcdlat = LCD_DATA_PORT 
....................    #byte lcdtris = LCD_DATA_PORT+0x80 
.................... #elif defined(__PCH__) 
....................    LCD_PIN_MAP lcd, lcdlat, lcdtris; 
....................    #byte lcd = LCD_DATA_PORT 
....................    #byte lcdlat = LCD_DATA_PORT+9 
....................    #byte lcdtris = LCD_DATA_PORT+0x12 
.................... #elif defined(__PCD__) 
....................    LCD_PIN_MAP lcd, lcdlat, lcdtris; 
....................    #word lcd = LCD_DATA_PORT 
....................    #word lcdlat = LCD_DATA_PORT+2 
....................    #word lcdtris = LCD_DATA_PORT-0x02 
.................... #endif 
.................... #endif   //LCD_DATA4 not defined 
....................  
.................... #ifndef LCD_TYPE 
....................    #define LCD_TYPE 2           // 0=5x7, 1=5x10, 2=2 lines 
.................... #endif 
....................  
.................... #ifndef LCD_LINE_TWO 
....................    #define LCD_LINE_TWO 0x40    // LCD RAM address for the second line 
.................... #endif 
....................  
.................... #ifndef LCD_LINE_LENGTH 
....................    #define LCD_LINE_LENGTH 20 
.................... #endif 
....................  
.................... unsigned int8 const LCD_INIT_STRING[4] = {0x20 | (LCD_TYPE << 2), 0xc, 1, 6}; 
....................                              // These bytes need to be sent to the LCD 
....................                              // to start it up. 
....................  
.................... unsigned int8 lcd_read_nibble(void); 
....................  
.................... unsigned int8 lcd_read_byte(void) 
.................... { 
....................    unsigned int8 low,high; 
....................  
....................  #if defined(__PCB__) 
....................    set_tris_lcd(LCD_INPUT_MAP); 
....................  #else 
....................   #if (defined(LCD_DATA4) && defined(LCD_DATA5) && defined(LCD_DATA6) && defined(LCD_DATA7)) 
....................    output_float(LCD_DATA4); 
....................    output_float(LCD_DATA5); 
....................    output_float(LCD_DATA6); 
....................    output_float(LCD_DATA7); 
....................   #else 
....................    lcdtris.data = 0xF; 
*
00D7:  MOVLW  0F
00D8:  BSF    03.5
00D9:  ANDWF  08,W
00DA:  IORLW  F0
00DB:  MOVWF  08
....................   #endif 
....................  #endif 
....................          
....................    lcd_output_rw(1); 
00DC:  BCF    03.5
00DD:  BSF    08.2
....................    delay_cycles(1); 
00DE:  NOP
....................    lcd_output_enable(1); 
00DF:  BSF    08.0
....................    delay_cycles(1); 
00E0:  NOP
....................    high = lcd_read_nibble(); 
00E1:  CALL   071
00E2:  MOVF   78,W
00E3:  MOVWF  39
....................        
....................    lcd_output_enable(0); 
00E4:  BCF    08.0
....................    delay_cycles(1); 
00E5:  NOP
....................    lcd_output_enable(1); 
00E6:  BSF    08.0
....................    delay_us(1); 
00E7:  GOTO   0E8
....................    low = lcd_read_nibble(); 
00E8:  CALL   071
00E9:  MOVF   78,W
00EA:  MOVWF  38
....................        
....................    lcd_output_enable(0); 
00EB:  BCF    08.0
....................  
....................  #if defined(__PCB__) 
....................    set_tris_lcd(LCD_OUTPUT_MAP); 
....................  #else 
....................   #if (defined(LCD_DATA4) && defined(LCD_DATA5) && defined(LCD_DATA6) && defined(LCD_DATA7)) 
....................    output_drive(LCD_DATA4); 
....................    output_drive(LCD_DATA5); 
....................    output_drive(LCD_DATA6); 
....................    output_drive(LCD_DATA7); 
....................   #else 
....................    lcdtris.data = 0x0; 
00EC:  MOVLW  0F
00ED:  BSF    03.5
00EE:  ANDWF  08,W
00EF:  MOVWF  08
....................   #endif 
....................  #endif 
....................  
....................    return( (high<<4) | low); 
00F0:  BCF    03.5
00F1:  SWAPF  39,W
00F2:  MOVWF  77
00F3:  MOVLW  F0
00F4:  ANDWF  77,F
00F5:  MOVF   77,W
00F6:  IORWF  38,W
00F7:  MOVWF  78
.................... } 
....................  
.................... unsigned int8 lcd_read_nibble(void) 
.................... { 
....................   #if (defined(LCD_DATA4) && defined(LCD_DATA5) && defined(LCD_DATA6) && defined(LCD_DATA7)) 
....................    unsigned int8 n = 0x00; 
....................  
....................    /* Read the data port */ 
....................    n |= input(LCD_DATA4); 
....................    n |= input(LCD_DATA5) << 1; 
....................    n |= input(LCD_DATA6) << 2; 
....................    n |= input(LCD_DATA7) << 3; 
....................     
....................    return(n); 
....................   #else 
....................    return(lcd.data); 
*
0071:  MOVF   08,W
0072:  MOVWF  77
0073:  SWAPF  08,W
0074:  ANDLW  0F
0075:  MOVWF  78
....................   #endif 
0076:  RETURN
.................... } 
....................  
.................... void lcd_send_nibble(unsigned int8 n) 
.................... { 
....................   #if (defined(LCD_DATA4) && defined(LCD_DATA5) && defined(LCD_DATA6) && defined(LCD_DATA7)) 
....................    /* Write to the data port */ 
....................    output_bit(LCD_DATA4, bit_test(n, 0)); 
....................    output_bit(LCD_DATA5, bit_test(n, 1)); 
....................    output_bit(LCD_DATA6, bit_test(n, 2)); 
....................    output_bit(LCD_DATA7, bit_test(n, 3)); 
....................   #else       
....................    lcdlat.data = n; 
*
0064:  SWAPF  39,W
0065:  ANDLW  F0
0066:  MOVWF  77
0067:  MOVLW  0F
0068:  ANDWF  08,W
0069:  IORWF  77,W
006A:  MOVWF  08
....................   #endif 
....................        
....................    delay_cycles(1); 
006B:  NOP
....................    lcd_output_enable(1); 
006C:  BSF    08.0
....................    delay_us(2); 
006D:  GOTO   06E
006E:  GOTO   06F
....................    lcd_output_enable(0); 
006F:  BCF    08.0
0070:  RETURN
.................... } 
....................  
.................... void lcd_send_byte(unsigned int8 address, unsigned int8 n) 
.................... { 
....................   #if defined(__PCB__) 
....................    set_tris_lcd(LCD_OUTPUT_MAP); 
....................   #else 
....................    lcd_enable_tris(); 
*
00D1:  BSF    03.5
00D2:  BCF    08.0
....................    lcd_rs_tris(); 
00D3:  BCF    08.1
....................    lcd_rw_tris(); 
00D4:  BCF    08.2
....................   #endif 
....................  
....................    lcd_output_rs(0); 
00D5:  BCF    03.5
00D6:  BCF    08.1
....................    while ( bit_test(lcd_read_byte(),7) ) ; 
*
00F8:  MOVF   78,W
00F9:  MOVWF  38
00FA:  BTFSC  38.7
00FB:  GOTO   0D7
....................    lcd_output_rs(address); 
00FC:  BTFSS  36.0
00FD:  BCF    08.1
00FE:  BTFSC  36.0
00FF:  BSF    08.1
....................    delay_cycles(1); 
0100:  NOP
....................    lcd_output_rw(0); 
0101:  BCF    08.2
....................    delay_cycles(1); 
0102:  NOP
....................    lcd_output_enable(0); 
0103:  BCF    08.0
....................    lcd_send_nibble(n >> 4); 
0104:  SWAPF  37,W
0105:  MOVWF  38
0106:  MOVLW  0F
0107:  ANDWF  38,F
0108:  MOVF   38,W
0109:  MOVWF  39
010A:  CALL   064
....................    lcd_send_nibble(n & 0xf); 
010B:  MOVF   37,W
010C:  ANDLW  0F
010D:  MOVWF  38
010E:  MOVWF  39
010F:  CALL   064
.................... } 
....................  
.................... #if defined(LCD_EXTENDED_NEWLINE) 
.................... unsigned int8 g_LcdX, g_LcdY; 
.................... #endif 
....................  
.................... void lcd_init(void)  
.................... { 
....................    unsigned int8 i; 
....................  
....................  #if defined(__PCB__) 
....................    set_tris_lcd(LCD_OUTPUT_MAP); 
....................  #else 
....................   #if (defined(LCD_DATA4) && defined(LCD_DATA5) && defined(LCD_DATA6) && defined(LCD_DATA7)) 
....................    output_drive(LCD_DATA4); 
....................    output_drive(LCD_DATA5); 
....................    output_drive(LCD_DATA6); 
....................    output_drive(LCD_DATA7); 
....................   #else 
....................    lcdtris.data = 0x0; 
*
00A4:  MOVLW  0F
00A5:  BSF    03.5
00A6:  ANDWF  08,W
00A7:  MOVWF  08
....................   #endif 
....................    lcd_enable_tris(); 
00A8:  BCF    08.0
....................    lcd_rs_tris(); 
00A9:  BCF    08.1
....................    lcd_rw_tris(); 
00AA:  BCF    08.2
....................  #endif 
....................  
....................    lcd_output_rs(0); 
00AB:  BCF    03.5
00AC:  BCF    08.1
....................    lcd_output_rw(0); 
00AD:  BCF    08.2
....................    lcd_output_enable(0); 
00AE:  BCF    08.0
....................      
....................    delay_ms(15); 
00AF:  MOVLW  0F
00B0:  MOVWF  35
00B1:  CALL   050
....................    for(i=1;i<=3;++i) 
00B2:  MOVLW  01
00B3:  MOVWF  34
00B4:  MOVF   34,W
00B5:  SUBLW  03
00B6:  BTFSS  03.0
00B7:  GOTO   0C0
....................    { 
....................        lcd_send_nibble(3); 
00B8:  MOVLW  03
00B9:  MOVWF  39
00BA:  CALL   064
....................        delay_ms(5); 
00BB:  MOVLW  05
00BC:  MOVWF  35
00BD:  CALL   050
00BE:  INCF   34,F
00BF:  GOTO   0B4
....................    } 
....................     
....................    lcd_send_nibble(2); 
00C0:  MOVLW  02
00C1:  MOVWF  39
00C2:  CALL   064
....................    delay_ms(5); 
00C3:  MOVLW  05
00C4:  MOVWF  35
00C5:  CALL   050
....................    for(i=0;i<=3;++i) 
00C6:  CLRF   34
00C7:  MOVF   34,W
00C8:  SUBLW  03
00C9:  BTFSS  03.0
00CA:  GOTO   112
....................       lcd_send_byte(0,LCD_INIT_STRING[i]); 
00CB:  MOVF   34,W
00CC:  CALL   02F
00CD:  MOVWF  35
00CE:  CLRF   36
00CF:  MOVF   35,W
00D0:  MOVWF  37
....................  
....................   #if defined(LCD_EXTENDED_NEWLINE) 
*
0110:  INCF   34,F
0111:  GOTO   0C7
....................    g_LcdX = 0; 
....................    g_LcdY = 0; 
....................   #endif 
.................... } 
....................  
.................... void lcd_gotoxy(unsigned int8 x, unsigned int8 y) 
.................... { 
....................    unsigned int8 address; 
....................     
....................    if(y!=1) 
....................       address=LCD_LINE_TWO; 
....................    else 
....................       address=0; 
....................       
....................    address+=x-1; 
....................    lcd_send_byte(0,0x80|address); 
....................  
....................   #if defined(LCD_EXTENDED_NEWLINE) 
....................    g_LcdX = x - 1; 
....................    g_LcdY = y - 1; 
....................   #endif 
.................... } 
....................  
.................... void lcd_putc(char c) 
.................... { 
....................    switch (c) 
....................    { 
....................       case '\a'   :  lcd_gotoxy(1,1);     break; 
....................  
....................       case '\f'   :  lcd_send_byte(0,1); 
....................                      delay_ms(2); 
....................                     #if defined(LCD_EXTENDED_NEWLINE) 
....................                      g_LcdX = 0; 
....................                      g_LcdY = 0; 
....................                     #endif 
....................                      break; 
....................  
....................      #if defined(LCD_EXTENDED_NEWLINE) 
....................       case '\r'   :  lcd_gotoxy(1, g_LcdY+1);   break; 
....................       case '\n'   : 
....................          while (g_LcdX++ < LCD_LINE_LENGTH) 
....................          { 
....................             lcd_send_byte(1, ' '); 
....................          } 
....................          lcd_gotoxy(1, g_LcdY+2); 
....................          break; 
....................      #else 
....................       case '\n'   : lcd_gotoxy(1,2);        break; 
....................      #endif 
....................       
....................       case '\b'   : lcd_send_byte(0,0x10);  break; 
....................       
....................      #if defined(LCD_EXTENDED_NEWLINE) 
....................       default     :  
....................          if (g_LcdX < LCD_LINE_LENGTH) 
....................          { 
....................             lcd_send_byte(1, c); 
....................             g_LcdX++; 
....................          } 
....................          break; 
....................      #else 
....................       default     : lcd_send_byte(1,c);     break; 
....................      #endif 
....................    } 
.................... } 
....................   
.................... char lcd_getc(unsigned int8 x, unsigned int8 y) 
.................... { 
....................    char value; 
....................  
....................    lcd_gotoxy(x,y); 
....................    while ( bit_test(lcd_read_byte(),7) ); // wait until busy flag is low 
....................    lcd_output_rs(1); 
....................    value = lcd_read_byte(); 
....................    lcd_output_rs(0); 
....................     
....................    return(value); 
.................... } 
....................  
.................... // write a custom character to the ram 
.................... // which is 0-7 and specifies which character array we are modifying. 
.................... // ptr points to an array of 8 bytes, where each byte is the next row of 
.................... //    pixels.  only bits 0-4 are used.  the last row is the cursor row, and 
.................... //    usually you will want to leave this byte 0x00. 
.................... void lcd_set_cgram_char(unsigned int8 which, unsigned int8 *ptr) 
.................... { 
....................    unsigned int i; 
....................  
....................    which <<= 3; 
....................    which &= 0x38; 
....................  
....................    lcd_send_byte(0, 0x40 | which);  //set cgram address 
....................  
....................    for(i=0; i<8; i++) 
....................    { 
....................       lcd_send_byte(1, *ptr++); 
....................    } 
....................    
....................    #if defined(LCD_EXTENDED_NEWLINE) 
....................     lcd_gotoxy(g_LcdX+1, g_LcdY+1);  //set ddram address 
....................    #endif 
.................... } 
....................  
.................... void lcd_cursor_on(int1 on) 
.................... { 
....................    if (on) 
....................    { 
....................       lcd_send_byte(0,0x0F);           //turn LCD cursor ON 
....................    } 
....................    else 
....................    { 
....................       lcd_send_byte(0,0x0C);           //turn LCD cursor OFF 
....................    } 
.................... } 
....................  
.................... #endif 
....................  
....................     #byte puertoA=0x05 
....................         
....................     void bsp_init(void) 
....................     { 
....................       set_tris_c(0xff); 
*
0077:  MOVLW  FF
0078:  BSF    03.5
0079:  MOVWF  07
007A:  BCF    03.5
007B:  MOVWF  32
....................       set_tris_e(0xff); 
007C:  BSF    03.5
007D:  BSF    09.0
007E:  BSF    09.1
007F:  BSF    09.2
0080:  BSF    09.3
....................       set_tris_a(0x00); 
0081:  MOVLW  00
0082:  MOVWF  05
....................       output_a(0); 
0083:  CLRF   05
0084:  BCF    03.5
0085:  CLRF   05
....................       set_tris_a(0);//configurado como salida 
0086:  BSF    03.5
0087:  MOVWF  05
....................       set_tris_e(1); //configurado como entrada 
0088:  BSF    09.0
0089:  BCF    09.1
008A:  BCF    09.2
008B:  BCF    09.3
....................       SETUP_ADC_PORTS(sAN5); // este pin es analogo 
008C:  BSF    03.6
008D:  MOVF   09,W
008E:  ANDLW  C0
008F:  MOVWF  09
0090:  BCF    03.6
0091:  BCF    1F.4
0092:  BCF    1F.5
0093:  MOVLW  20
0094:  BSF    03.6
0095:  MOVWF  08
....................       SET_ADC_CHANNEL(5); // el canal que usaremos y de cual obtendremos la señal es el 5 
0096:  MOVLW  14
0097:  MOVWF  78
0098:  BCF    03.5
0099:  BCF    03.6
009A:  MOVF   1F,W
009B:  ANDLW  C3
009C:  IORWF  78,W
009D:  MOVWF  1F
....................       setup_adc(ADC_CLOCK_DIV_32); 
009E:  BCF    1F.6
009F:  BSF    1F.7
00A0:  BSF    03.5
00A1:  BCF    1F.7
00A2:  BCF    03.5
00A3:  BSF    1F.0
....................       lcd_init(); 
*
0112:  BCF    0A.3
0113:  BCF    0A.4
0114:  GOTO   158 (RETURN)
....................     
....................     } 
....................      
....................     int8 bsp_lee_sw(void) 
....................     {   
....................        int8 var; 
....................        var = input(PIN_C0); 
....................        var = var + (input(PIN_C1)*2); 
....................        var = var + (input(PIN_C2)*4); 
....................        var = var + (input(PIN_C3)*8); 
....................        var = var + (input(PIN_C4)*16); 
....................        var = var + (input(PIN_C5)*32); 
....................        var = var + (input(PIN_E1)*64); 
....................        var = var + (input(PIN_E2)*128); 
....................        return var; 
....................     } 
....................  
....................            int8 bsp_lee_microsw(int8 sw) 
....................            { 
....................               int8 val; 
....................               val = bsp_lee_sw(); 
....................               return (val & (1<<sw) !=0); 
....................            } 
....................             
.................... void bsp_led_on(int8 led) 
.................... { 
....................   puertoA = puertoA | (1<<led); 
.................... } 
....................  
.................... void bsp_led_off(int8 led) 
.................... { 
....................   puertoA = puertoA & (~(1<<led)); 
.................... } 
....................  
....................            
.................... void  bsp_leds(int8 val) 
.................... { 
....................   output_a(val); 
.................... } 
....................  
.................... void bsp_led_inv(int8 led) 
.................... { 
....................   puertoA = puertoA ^ (1<<led); 
*
0131:  MOVLW  01
0132:  MOVWF  77
0133:  MOVF   34,W
0134:  MOVWF  78
0135:  BTFSC  03.2
0136:  GOTO   13B
0137:  BCF    03.0
0138:  RLF    77,F
0139:  DECFSZ 78,F
013A:  GOTO   137
013B:  MOVF   77,W
013C:  XORWF  05,F
013D:  BCF    0A.3
013E:  BCF    0A.4
013F:  GOTO   16E (RETURN)
.................... } 
....................  
....................  
.................... int8 bsp_lee_pot(void) 
.................... { 
....................   return read_adc(); 
.................... } 
.................... #endif 
....................  
....................  
....................  
....................  
....................  
.................... void main(void) 
0140:  MOVLW  0A
0141:  MOVWF  27
0142:  MOVLW  FF
0143:  MOVWF  32
0144:  BSF    03.5
0145:  BSF    03.6
0146:  MOVF   09,W
0147:  ANDLW  C0
0148:  MOVWF  09
0149:  BCF    03.6
014A:  BCF    1F.4
014B:  BCF    1F.5
014C:  MOVLW  00
014D:  BSF    03.6
014E:  MOVWF  08
014F:  BCF    03.5
0150:  CLRF   07
0151:  CLRF   08
0152:  CLRF   09
0153:  BCF    03.7
0154:  MOVLW  1F
0155:  ANDWF  03,F
.................... {  
....................   int x; 
....................   bsp_init(); 
0156:  BCF    03.6
0157:  GOTO   077
....................   timers_init();  
0158:  GOTO   115
....................   enable_interrupts(GLOBAL); 
0159:  MOVLW  C0
015A:  IORWF  0B,F
....................    
....................   timers_set_time(1,_500ms); 
015B:  MOVLW  01
015C:  MOVWF  34
015D:  MOVLW  32
015E:  MOVWF  35
015F:  CALL   121
....................    
....................     
....................       while(1) 
....................       { 
....................         if(timers_get_time(1)==0) 
0160:  MOVLW  01
0161:  MOVWF  34
0162:  GOTO   128
0163:  MOVF   78,F
0164:  BTFSS  03.2
0165:  GOTO   16E
....................         { 
....................            timers_set_time(1,_500ms); 
0166:  MOVLW  01
0167:  MOVWF  34
0168:  MOVLW  32
0169:  MOVWF  35
016A:  CALL   121
....................            bsp_led_inv(4); 
016B:  MOVLW  04
016C:  MOVWF  34
016D:  GOTO   131
....................         } 
016E:  GOTO   160
....................        
....................       } 
.................... } 
....................  
016F:  SLEEP
....................  
....................  
....................  

Configuration Fuses:
   Word  1: 2FE4   INTRC_IO NOWDT PUT MCLR NOPROTECT NOCPD BROWNOUT IESO FCMEN NOLVP NODEBUG
   Word  2: 3FFF   BORV40 NOWRT
