CCS PCM C Compiler, Version 5.005d, 1               28-jun-13 12:32
Compiler operating in Evaluation Mode
To obtain a fully enabled compiler visit www.ccsinfo.com/products

               Filename:   C:\Users\p2\Desktop\kareem\tarea4\main.lst

               ROM used:   519 words (6%)
                           Largest free fragment is 2048
               RAM used:   14 (4%) at main() level
                           32 (9%) worst case
               Stack used: 0 locations
               Stack size: 8

*
0000:  MOVLW  01
0001:  MOVWF  0A
0002:  GOTO   193
0003:  NOP
.................... #include <16f887.h> 
.................... //////// Standard Header file for the PIC16F887 device //////////////// 
.................... #device PIC16F887 
0004:  BCF    0A.0
0005:  BCF    0A.1
0006:  BCF    0A.2
0007:  ADDWF  02,F
0008:  RETLW  28
0009:  RETLW  0C
000A:  RETLW  01
000B:  RETLW  06
000C:  DATA 0C,00
*
00E3:  MOVF   0B,W
00E4:  MOVWF  28
00E5:  BCF    0B.7
00E6:  BSF    03.5
00E7:  BSF    03.6
00E8:  BSF    0C.7
00E9:  BSF    0C.0
00EA:  NOP
00EB:  NOP
00EC:  BCF    03.5
00ED:  MOVF   0C,W
00EE:  ANDLW  7F
00EF:  BTFSC  03.2
00F0:  GOTO   12A
00F1:  BCF    03.6
00F2:  MOVWF  29
00F3:  BSF    03.6
00F4:  MOVF   0D,W
00F5:  BCF    03.6
00F6:  MOVWF  2A
00F7:  BSF    03.6
00F8:  MOVF   0F,W
00F9:  BCF    03.6
00FA:  MOVWF  2B
00FB:  MOVF   29,W
00FC:  MOVWF  31
00FD:  CALL   0B7
00FE:  MOVF   2A,W
00FF:  BSF    03.6
0100:  MOVWF  0D
0101:  BCF    03.6
0102:  MOVF   2B,W
0103:  BSF    03.6
0104:  MOVWF  0F
0105:  BSF    03.5
0106:  BSF    0C.7
0107:  BSF    0C.0
0108:  NOP
0109:  NOP
010A:  BCF    03.5
010B:  RLF    0C,W
010C:  RLF    0E,W
010D:  ANDLW  7F
010E:  BTFSC  03.2
010F:  GOTO   12A
0110:  BCF    03.6
0111:  MOVWF  29
0112:  BSF    03.6
0113:  MOVF   0D,W
0114:  BCF    03.6
0115:  MOVWF  2A
0116:  BSF    03.6
0117:  MOVF   0F,W
0118:  BCF    03.6
0119:  MOVWF  2B
011A:  MOVF   29,W
011B:  MOVWF  31
011C:  CALL   0B7
011D:  MOVF   2A,W
011E:  BSF    03.6
011F:  MOVWF  0D
0120:  BCF    03.6
0121:  MOVF   2B,W
0122:  BSF    03.6
0123:  MOVWF  0F
0124:  INCF   0D,F
0125:  BTFSC  03.2
0126:  INCF   0F,F
0127:  BCF    03.6
0128:  GOTO   0E6
0129:  BSF    03.6
012A:  BCF    03.6
012B:  BTFSC  28.7
012C:  BSF    0B.7
012D:  BCF    0A.3
012E:  BCF    0A.4
012F:  GOTO   1E3 (RETURN)
0130:  CLRF   30
0131:  MOVF   04,W
0132:  MOVWF  2F
0133:  BCF    30.0
0134:  BTFSC  03.7
0135:  BSF    30.0
0136:  SWAPF  29,W
0137:  IORLW  F0
0138:  MOVWF  2B
0139:  ADDWF  2B,F
013A:  ADDLW  E2
013B:  MOVWF  2C
013C:  ADDLW  32
013D:  MOVWF  2E
013E:  MOVF   29,W
013F:  ANDLW  0F
0140:  ADDWF  2C,F
0141:  ADDWF  2C,F
0142:  ADDWF  2E,F
0143:  ADDLW  E9
0144:  MOVWF  2D
0145:  ADDWF  2D,F
0146:  ADDWF  2D,F
0147:  SWAPF  28,W
0148:  ANDLW  0F
0149:  ADDWF  2D,F
014A:  ADDWF  2E,F
014B:  RLF    2D,F
014C:  RLF    2E,F
014D:  COMF   2E,F
014E:  RLF    2E,F
014F:  MOVF   28,W
0150:  ANDLW  0F
0151:  ADDWF  2E,F
0152:  RLF    2B,F
0153:  MOVLW  07
0154:  MOVWF  2A
0155:  MOVLW  0A
0156:  ADDWF  2E,F
0157:  DECF   2D,F
0158:  BTFSS  03.0
0159:  GOTO   156
015A:  ADDWF  2D,F
015B:  DECF   2C,F
015C:  BTFSS  03.0
015D:  GOTO   15A
015E:  ADDWF  2C,F
015F:  DECF   2B,F
0160:  BTFSS  03.0
0161:  GOTO   15E
0162:  ADDWF  2B,F
0163:  DECF   2A,F
0164:  BTFSS  03.0
0165:  GOTO   162
0166:  MOVLW  2A
0167:  MOVWF  04
0168:  BCF    03.7
0169:  MOVLW  07
016A:  ANDWF  2F,W
016B:  BCF    2F.6
016C:  ADDWF  04,F
016D:  MOVLW  2E
016E:  SUBWF  04,W
016F:  BTFSC  03.2
0170:  BSF    2F.6
0171:  MOVF   00,W
0172:  MOVWF  77
0173:  BTFSS  03.2
0174:  GOTO   17D
0175:  BTFSC  2F.6
0176:  GOTO   17D
0177:  BTFSC  2F.4
0178:  GOTO   18F
0179:  BTFSC  2F.3
017A:  GOTO   17D
017B:  MOVLW  20
017C:  GOTO   180
017D:  BSF    2F.3
017E:  BCF    2F.4
017F:  MOVLW  30
0180:  ADDWF  77,F
0181:  CLRF   29
0182:  MOVF   04,W
0183:  MOVWF  28
0184:  BCF    29.0
0185:  BTFSC  03.7
0186:  BSF    29.0
0187:  MOVF   77,W
0188:  MOVWF  31
0189:  CALL   0B7
018A:  MOVF   28,W
018B:  MOVWF  04
018C:  BCF    03.7
018D:  BTFSC  29.0
018E:  BSF    03.7
018F:  INCF   04,F
0190:  BTFSS  2F.6
0191:  GOTO   16D
0192:  RETURN
....................  
.................... #list 
....................  
.................... #fuses INTRC_IO 
.................... #use delay(clock=8000000) 
*
000D:  MOVLW  32
000E:  MOVWF  04
000F:  BCF    03.7
0010:  MOVF   00,W
0011:  BTFSC  03.2
0012:  GOTO   020
0013:  MOVLW  02
0014:  MOVWF  78
0015:  CLRF   77
0016:  DECFSZ 77,F
0017:  GOTO   016
0018:  DECFSZ 78,F
0019:  GOTO   015
001A:  MOVLW  97
001B:  MOVWF  77
001C:  DECFSZ 77,F
001D:  GOTO   01C
001E:  DECFSZ 00,F
001F:  GOTO   013
0020:  RETURN
.................... #include <lcd.c> 
.................... /////////////////////////////////////////////////////////////////////////////// 
.................... ////                             LCD.C                                     //// 
.................... ////                 Driver for common LCD modules                         //// 
.................... ////                                                                       //// 
.................... ////  lcd_init()   Must be called before any other function.               //// 
.................... ////                                                                       //// 
.................... ////  lcd_putc(c)  Will display c on the next position of the LCD.         //// 
.................... ////                 \a  Set cursor position to upper left                 //// 
.................... ////                 \f  Clear display, set cursor to upper left           //// 
.................... ////                 \n  Go to start of second line                        //// 
.................... ////                 \b  Move back one position                            //// 
.................... ////              If LCD_EXTENDED_NEWLINE is defined, the \n character     //// 
.................... ////              will erase all remanining characters on the current      //// 
.................... ////              line, and move the cursor to the beginning of the next   //// 
.................... ////              line.                                                    //// 
.................... ////              If LCD_EXTENDED_NEWLINE is defined, the \r character     //// 
.................... ////              will move the cursor to the start of the current         //// 
.................... ////              line.                                                    //// 
.................... ////                                                                       //// 
.................... ////  lcd_gotoxy(x,y) Set write position on LCD (upper left is 1,1)        //// 
.................... ////                                                                       //// 
.................... ////  lcd_getc(x,y)   Returns character at position x,y on LCD             //// 
.................... ////                                                                       //// 
.................... ////  lcd_cursor_on(int1 on)   Turn the cursor on (on=TRUE) or off         //// 
.................... ////              (on=FALSE).                                              //// 
.................... ////                                                                       //// 
.................... ////  lcd_set_cgram_char(w, *p)   Write a custom character to the CGRAM.   //// 
.................... ////                                                                       //// 
.................... ////                                                                       //// 
.................... ////  CONFIGURATION                                                        //// 
.................... ////  The LCD can be configured in one of two ways: a.) port access or     //// 
.................... ////  b.) pin access.  Port access requires the entire 7 bit interface     //// 
.................... ////  connected to one GPIO port, and the data bits (D4:D7 of the LCD)     //// 
.................... ////  connected to sequential pins on the GPIO.  Pin access                //// 
.................... ////  has no requirements, all 7 bits of the control interface can         //// 
.................... ////  can be connected to any GPIO using several ports.                    //// 
.................... ////                                                                       //// 
.................... ////  To use port access, #define LCD_DATA_PORT to the SFR location of     //// 
.................... ////  of the GPIO port that holds the interface, -AND- edit LCD_PIN_MAP    //// 
.................... ////  of this file to configure the pin order.  If you are using a         //// 
.................... ////  baseline PIC (PCB), then LCD_OUTPUT_MAP and LCD_INPUT_MAP also must  //// 
.................... ////  be defined.                                                          //// 
.................... ////                                                                       //// 
.................... ////  Example of port access:                                              //// 
.................... ////     #define LCD_DATA_PORT getenv("SFR:PORTD")                         //// 
.................... ////                                                                       //// 
.................... ////  To use pin access, the following pins must be defined:               //// 
.................... ////     LCD_ENABLE_PIN                                                    //// 
.................... ////     LCD_RS_PIN                                                        //// 
.................... ////     LCD_RW_PIN                                                        //// 
.................... ////     LCD_DATA4                                                         //// 
.................... ////     LCD_DATA5                                                         //// 
.................... ////     LCD_DATA6                                                         //// 
.................... ////     LCD_DATA7                                                         //// 
.................... ////                                                                       //// 
.................... ////  Example of pin access:                                               //// 
.................... ////     #define LCD_ENABLE_PIN  PIN_E0                                    //// 
.................... ////     #define LCD_RS_PIN      PIN_E1                                    //// 
.................... ////     #define LCD_RW_PIN      PIN_E2                                    //// 
.................... ////     #define LCD_DATA4       PIN_D4                                    //// 
.................... ////     #define LCD_DATA5       PIN_D5                                    //// 
.................... ////     #define LCD_DATA6       PIN_D6                                    //// 
.................... ////     #define LCD_DATA7       PIN_D7                                    //// 
.................... ////                                                                       //// 
.................... /////////////////////////////////////////////////////////////////////////////// 
.................... ////        (C) Copyright 1996,2010 Custom Computer Services           //// 
.................... //// This source code may only be used by licensed users of the CCS C  //// 
.................... //// compiler.  This source code may only be distributed to other      //// 
.................... //// licensed users of the CCS C compiler.  No other use, reproduction //// 
.................... //// or distribution is permitted without written permission.          //// 
.................... //// Derivative programs created using this software in object code    //// 
.................... //// form are not restricted in any way.                               //// 
.................... /////////////////////////////////////////////////////////////////////////// 
....................  
.................... #ifndef __LCD_C__ 
.................... #define __LCD_C__ 
....................  
.................... // define the pinout. 
.................... // only required if port access is being used. 
.................... typedef struct   
.................... {                            // This structure is overlayed 
....................    int1 enable;           // on to an I/O port to gain 
....................    int1 rs;               // access to the LCD pins. 
....................    int1 rw;               // The bits are allocated from 
....................    int1 unused;           // low order up.  ENABLE will 
....................    unsigned int     data : 4;         // be LSB pin of that port. 
....................   #if defined(__PCD__)       // The port used will be LCD_DATA_PORT. 
....................    unsigned int    reserved: 8; 
....................   #endif 
.................... } LCD_PIN_MAP; 
....................  
.................... // this is to improve compatability with previous LCD drivers that accepted 
.................... // a define labeled 'use_portb_lcd' that configured the LCD onto port B. 
.................... #if ((defined(use_portb_lcd)) && (use_portb_lcd==TRUE)) 
....................  #define LCD_DATA_PORT getenv("SFR:PORTB") 
.................... #endif 
....................  
.................... #if defined(__PCB__) 
....................    // these definitions only need to be modified for baseline PICs. 
....................    // all other PICs use LCD_PIN_MAP or individual LCD_xxx pin definitions. 
.................... /*                                    EN, RS,   RW,   UNUSED,  DATA  */ 
....................  const LCD_PIN_MAP LCD_OUTPUT_MAP =  {0,  0,    0,    0,       0}; 
....................  const LCD_PIN_MAP LCD_INPUT_MAP =   {0,  0,    0,    0,       0xF}; 
.................... #endif 
....................  
.................... ////////////////////// END CONFIGURATION /////////////////////////////////// 
....................  
.................... #ifndef LCD_ENABLE_PIN 
....................    #define lcd_output_enable(x) lcdlat.enable=x 
....................    #define lcd_enable_tris()   lcdtris.enable=0 
.................... #else 
....................    #define lcd_output_enable(x) output_bit(LCD_ENABLE_PIN, x) 
....................    #define lcd_enable_tris()  output_drive(LCD_ENABLE_PIN) 
.................... #endif 
....................  
.................... #ifndef LCD_RS_PIN 
....................    #define lcd_output_rs(x) lcdlat.rs=x 
....................    #define lcd_rs_tris()   lcdtris.rs=0 
.................... #else 
....................    #define lcd_output_rs(x) output_bit(LCD_RS_PIN, x) 
....................    #define lcd_rs_tris()  output_drive(LCD_RS_PIN) 
.................... #endif 
....................  
.................... #ifndef LCD_RW_PIN 
....................    #define lcd_output_rw(x) lcdlat.rw=x 
....................    #define lcd_rw_tris()   lcdtris.rw=0 
.................... #else 
....................    #define lcd_output_rw(x) output_bit(LCD_RW_PIN, x) 
....................    #define lcd_rw_tris()  output_drive(LCD_RW_PIN) 
.................... #endif 
....................  
.................... // original version of this library incorrectly labeled LCD_DATA0 as LCD_DATA4, 
.................... // LCD_DATA1 as LCD_DATA5, and so on.  this block of code makes the driver 
.................... // compatible with any code written for the original library 
.................... #if (defined(LCD_DATA0) && defined(LCD_DATA1) && defined(LCD_DATA2) && defined(LCD_DATA3) && !defined(LCD_DATA4) && !defined(LCD_DATA5) && !defined(LCD_DATA6) && !defined(LCD_DATA7)) 
....................    #define  LCD_DATA4    LCD_DATA0 
....................    #define  LCD_DATA5    LCD_DATA1 
....................    #define  LCD_DATA6    LCD_DATA2 
....................    #define  LCD_DATA7    LCD_DATA3 
.................... #endif 
....................  
.................... #ifndef LCD_DATA4 
.................... #ifndef LCD_DATA_PORT 
....................    #if defined(__PCB__) 
....................       #define LCD_DATA_PORT      0x06     //portb 
....................       #define set_tris_lcd(x)   set_tris_b(x) 
....................    #else 
....................      #if defined(PIN_D0) 
....................       #define LCD_DATA_PORT      getenv("SFR:PORTD")     //portd 
....................      #else 
....................       #define LCD_DATA_PORT      getenv("SFR:PORTB")     //portb 
....................      #endif 
....................    #endif    
.................... #endif 
....................  
.................... #if defined(__PCB__) 
....................    LCD_PIN_MAP lcd, lcdlat; 
....................    #byte lcd = LCD_DATA_PORT 
....................    #byte lcdlat = LCD_DATA_PORT 
.................... #elif defined(__PCM__) 
....................    LCD_PIN_MAP lcd, lcdlat, lcdtris; 
....................    #byte lcd = LCD_DATA_PORT 
....................    #byte lcdlat = LCD_DATA_PORT 
....................    #byte lcdtris = LCD_DATA_PORT+0x80 
.................... #elif defined(__PCH__) 
....................    LCD_PIN_MAP lcd, lcdlat, lcdtris; 
....................    #byte lcd = LCD_DATA_PORT 
....................    #byte lcdlat = LCD_DATA_PORT+9 
....................    #byte lcdtris = LCD_DATA_PORT+0x12 
.................... #elif defined(__PCD__) 
....................    LCD_PIN_MAP lcd, lcdlat, lcdtris; 
....................    #word lcd = LCD_DATA_PORT 
....................    #word lcdlat = LCD_DATA_PORT+2 
....................    #word lcdtris = LCD_DATA_PORT-0x02 
.................... #endif 
.................... #endif   //LCD_DATA4 not defined 
....................  
.................... #ifndef LCD_TYPE 
....................    #define LCD_TYPE 2           // 0=5x7, 1=5x10, 2=2 lines 
.................... #endif 
....................  
.................... #ifndef LCD_LINE_TWO 
....................    #define LCD_LINE_TWO 0x40    // LCD RAM address for the second line 
.................... #endif 
....................  
.................... #ifndef LCD_LINE_LENGTH 
....................    #define LCD_LINE_LENGTH 20 
.................... #endif 
....................  
.................... unsigned int8 const LCD_INIT_STRING[4] = {0x20 | (LCD_TYPE << 2), 0xc, 1, 6}; 
....................                              // These bytes need to be sent to the LCD 
....................                              // to start it up. 
....................  
.................... unsigned int8 lcd_read_nibble(void); 
....................  
.................... unsigned int8 lcd_read_byte(void) 
.................... { 
....................    unsigned int8 low,high; 
....................  
....................  #if defined(__PCB__) 
....................    set_tris_lcd(LCD_INPUT_MAP); 
....................  #else 
....................   #if (defined(LCD_DATA4) && defined(LCD_DATA5) && defined(LCD_DATA6) && defined(LCD_DATA7)) 
....................    output_float(LCD_DATA4); 
....................    output_float(LCD_DATA5); 
....................    output_float(LCD_DATA6); 
....................    output_float(LCD_DATA7); 
....................   #else 
....................    lcdtris.data = 0xF; 
*
003A:  MOVLW  0F
003B:  BSF    03.5
003C:  ANDWF  08,W
003D:  IORLW  F0
003E:  MOVWF  08
....................   #endif 
....................  #endif 
....................          
....................    lcd_output_rw(1); 
003F:  BCF    03.5
0040:  BSF    08.2
....................    delay_cycles(1); 
0041:  NOP
....................    lcd_output_enable(1); 
0042:  BSF    08.0
....................    delay_cycles(1); 
0043:  NOP
....................    high = lcd_read_nibble(); 
0044:  CALL   02E
0045:  MOVF   78,W
0046:  MOVWF  39
....................        
....................    lcd_output_enable(0); 
0047:  BCF    08.0
....................    delay_cycles(1); 
0048:  NOP
....................    lcd_output_enable(1); 
0049:  BSF    08.0
....................    delay_us(1); 
004A:  GOTO   04B
....................    low = lcd_read_nibble(); 
004B:  CALL   02E
004C:  MOVF   78,W
004D:  MOVWF  38
....................        
....................    lcd_output_enable(0); 
004E:  BCF    08.0
....................  
....................  #if defined(__PCB__) 
....................    set_tris_lcd(LCD_OUTPUT_MAP); 
....................  #else 
....................   #if (defined(LCD_DATA4) && defined(LCD_DATA5) && defined(LCD_DATA6) && defined(LCD_DATA7)) 
....................    output_drive(LCD_DATA4); 
....................    output_drive(LCD_DATA5); 
....................    output_drive(LCD_DATA6); 
....................    output_drive(LCD_DATA7); 
....................   #else 
....................    lcdtris.data = 0x0; 
004F:  MOVLW  0F
0050:  BSF    03.5
0051:  ANDWF  08,W
0052:  MOVWF  08
....................   #endif 
....................  #endif 
....................  
....................    return( (high<<4) | low); 
0053:  BCF    03.5
0054:  SWAPF  39,W
0055:  MOVWF  77
0056:  MOVLW  F0
0057:  ANDWF  77,F
0058:  MOVF   77,W
0059:  IORWF  38,W
005A:  MOVWF  78
.................... } 
....................  
.................... unsigned int8 lcd_read_nibble(void) 
.................... { 
....................   #if (defined(LCD_DATA4) && defined(LCD_DATA5) && defined(LCD_DATA6) && defined(LCD_DATA7)) 
....................    unsigned int8 n = 0x00; 
....................  
....................    /* Read the data port */ 
....................    n |= input(LCD_DATA4); 
....................    n |= input(LCD_DATA5) << 1; 
....................    n |= input(LCD_DATA6) << 2; 
....................    n |= input(LCD_DATA7) << 3; 
....................     
....................    return(n); 
....................   #else 
....................    return(lcd.data); 
*
002E:  MOVF   08,W
002F:  MOVWF  77
0030:  SWAPF  08,W
0031:  ANDLW  0F
0032:  MOVWF  78
....................   #endif 
0033:  RETURN
.................... } 
....................  
.................... void lcd_send_nibble(unsigned int8 n) 
.................... { 
....................   #if (defined(LCD_DATA4) && defined(LCD_DATA5) && defined(LCD_DATA6) && defined(LCD_DATA7)) 
....................    /* Write to the data port */ 
....................    output_bit(LCD_DATA4, bit_test(n, 0)); 
....................    output_bit(LCD_DATA5, bit_test(n, 1)); 
....................    output_bit(LCD_DATA6, bit_test(n, 2)); 
....................    output_bit(LCD_DATA7, bit_test(n, 3)); 
....................   #else       
....................    lcdlat.data = n; 
*
0021:  SWAPF  39,W
0022:  ANDLW  F0
0023:  MOVWF  77
0024:  MOVLW  0F
0025:  ANDWF  08,W
0026:  IORWF  77,W
0027:  MOVWF  08
....................   #endif 
....................        
....................    delay_cycles(1); 
0028:  NOP
....................    lcd_output_enable(1); 
0029:  BSF    08.0
....................    delay_us(2); 
002A:  GOTO   02B
002B:  GOTO   02C
....................    lcd_output_enable(0); 
002C:  BCF    08.0
002D:  RETURN
.................... } 
....................  
.................... void lcd_send_byte(unsigned int8 address, unsigned int8 n) 
.................... { 
....................   #if defined(__PCB__) 
....................    set_tris_lcd(LCD_OUTPUT_MAP); 
....................   #else 
....................    lcd_enable_tris(); 
*
0034:  BSF    03.5
0035:  BCF    08.0
....................    lcd_rs_tris(); 
0036:  BCF    08.1
....................    lcd_rw_tris(); 
0037:  BCF    08.2
....................   #endif 
....................  
....................    lcd_output_rs(0); 
0038:  BCF    03.5
0039:  BCF    08.1
....................    while ( bit_test(lcd_read_byte(),7) ) ; 
*
005B:  MOVF   78,W
005C:  MOVWF  38
005D:  BTFSC  38.7
005E:  GOTO   03A
....................    lcd_output_rs(address); 
005F:  BTFSS  36.0
0060:  BCF    08.1
0061:  BTFSC  36.0
0062:  BSF    08.1
....................    delay_cycles(1); 
0063:  NOP
....................    lcd_output_rw(0); 
0064:  BCF    08.2
....................    delay_cycles(1); 
0065:  NOP
....................    lcd_output_enable(0); 
0066:  BCF    08.0
....................    lcd_send_nibble(n >> 4); 
0067:  SWAPF  37,W
0068:  MOVWF  38
0069:  MOVLW  0F
006A:  ANDWF  38,F
006B:  MOVF   38,W
006C:  MOVWF  39
006D:  CALL   021
....................    lcd_send_nibble(n & 0xf); 
006E:  MOVF   37,W
006F:  ANDLW  0F
0070:  MOVWF  38
0071:  MOVWF  39
0072:  CALL   021
0073:  RETURN
.................... } 
....................  
.................... #if defined(LCD_EXTENDED_NEWLINE) 
.................... unsigned int8 g_LcdX, g_LcdY; 
.................... #endif 
....................  
.................... void lcd_init(void)  
.................... { 
....................    unsigned int8 i; 
....................  
....................  #if defined(__PCB__) 
....................    set_tris_lcd(LCD_OUTPUT_MAP); 
....................  #else 
....................   #if (defined(LCD_DATA4) && defined(LCD_DATA5) && defined(LCD_DATA6) && defined(LCD_DATA7)) 
....................    output_drive(LCD_DATA4); 
....................    output_drive(LCD_DATA5); 
....................    output_drive(LCD_DATA6); 
....................    output_drive(LCD_DATA7); 
....................   #else 
....................    lcdtris.data = 0x0; 
0074:  MOVLW  0F
0075:  BSF    03.5
0076:  ANDWF  08,W
0077:  MOVWF  08
....................   #endif 
....................    lcd_enable_tris(); 
0078:  BCF    08.0
....................    lcd_rs_tris(); 
0079:  BCF    08.1
....................    lcd_rw_tris(); 
007A:  BCF    08.2
....................  #endif 
....................  
....................    lcd_output_rs(0); 
007B:  BCF    03.5
007C:  BCF    08.1
....................    lcd_output_rw(0); 
007D:  BCF    08.2
....................    lcd_output_enable(0); 
007E:  BCF    08.0
....................      
....................    delay_ms(15); 
007F:  MOVLW  0F
0080:  MOVWF  32
0081:  CALL   00D
....................    for(i=1;i<=3;++i) 
0082:  MOVLW  01
0083:  MOVWF  28
0084:  MOVF   28,W
0085:  SUBLW  03
0086:  BTFSS  03.0
0087:  GOTO   090
....................    { 
....................        lcd_send_nibble(3); 
0088:  MOVLW  03
0089:  MOVWF  39
008A:  CALL   021
....................        delay_ms(5); 
008B:  MOVLW  05
008C:  MOVWF  32
008D:  CALL   00D
008E:  INCF   28,F
008F:  GOTO   084
....................    } 
....................     
....................    lcd_send_nibble(2); 
0090:  MOVLW  02
0091:  MOVWF  39
0092:  CALL   021
....................    delay_ms(5); 
0093:  MOVLW  05
0094:  MOVWF  32
0095:  CALL   00D
....................    for(i=0;i<=3;++i) 
0096:  CLRF   28
0097:  MOVF   28,W
0098:  SUBLW  03
0099:  BTFSS  03.0
009A:  GOTO   0A4
....................       lcd_send_byte(0,LCD_INIT_STRING[i]); 
009B:  MOVF   28,W
009C:  CALL   004
009D:  MOVWF  29
009E:  CLRF   36
009F:  MOVF   29,W
00A0:  MOVWF  37
00A1:  CALL   034
....................  
....................   #if defined(LCD_EXTENDED_NEWLINE) 
00A2:  INCF   28,F
00A3:  GOTO   097
00A4:  RETURN
....................    g_LcdX = 0; 
....................    g_LcdY = 0; 
....................   #endif 
.................... } 
....................  
.................... void lcd_gotoxy(unsigned int8 x, unsigned int8 y) 
.................... { 
....................    unsigned int8 address; 
....................     
....................    if(y!=1) 
00A5:  DECFSZ 33,W
00A6:  GOTO   0A8
00A7:  GOTO   0AB
....................       address=LCD_LINE_TWO; 
00A8:  MOVLW  40
00A9:  MOVWF  34
00AA:  GOTO   0AC
....................    else 
....................       address=0; 
00AB:  CLRF   34
....................       
....................    address+=x-1; 
00AC:  MOVLW  01
00AD:  SUBWF  32,W
00AE:  ADDWF  34,F
....................    lcd_send_byte(0,0x80|address); 
00AF:  MOVF   34,W
00B0:  IORLW  80
00B1:  MOVWF  35
00B2:  CLRF   36
00B3:  MOVF   35,W
00B4:  MOVWF  37
00B5:  CALL   034
....................  
....................   #if defined(LCD_EXTENDED_NEWLINE) 
00B6:  RETURN
....................    g_LcdX = x - 1; 
....................    g_LcdY = y - 1; 
....................   #endif 
.................... } 
....................  
.................... void lcd_putc(char c) 
.................... { 
....................    switch (c) 
00B7:  MOVF   31,W
00B8:  XORLW  07
00B9:  BTFSC  03.2
00BA:  GOTO   0C5
00BB:  XORLW  0B
00BC:  BTFSC  03.2
00BD:  GOTO   0CA
00BE:  XORLW  06
00BF:  BTFSC  03.2
00C0:  GOTO   0D2
00C1:  XORLW  02
00C2:  BTFSC  03.2
00C3:  GOTO   0D8
00C4:  GOTO   0DD
....................    { 
....................       case '\a'   :  lcd_gotoxy(1,1);     break; 
00C5:  MOVLW  01
00C6:  MOVWF  32
00C7:  MOVWF  33
00C8:  CALL   0A5
00C9:  GOTO   0E2
....................  
....................       case '\f'   :  lcd_send_byte(0,1); 
00CA:  CLRF   36
00CB:  MOVLW  01
00CC:  MOVWF  37
00CD:  CALL   034
....................                      delay_ms(2); 
00CE:  MOVLW  02
00CF:  MOVWF  32
00D0:  CALL   00D
....................                     #if defined(LCD_EXTENDED_NEWLINE) 
....................                      g_LcdX = 0; 
....................                      g_LcdY = 0; 
....................                     #endif 
....................                      break; 
00D1:  GOTO   0E2
....................  
....................      #if defined(LCD_EXTENDED_NEWLINE) 
....................       case '\r'   :  lcd_gotoxy(1, g_LcdY+1);   break; 
....................       case '\n'   : 
....................          while (g_LcdX++ < LCD_LINE_LENGTH) 
....................          { 
....................             lcd_send_byte(1, ' '); 
....................          } 
....................          lcd_gotoxy(1, g_LcdY+2); 
....................          break; 
....................      #else 
....................       case '\n'   : lcd_gotoxy(1,2);        break; 
00D2:  MOVLW  01
00D3:  MOVWF  32
00D4:  MOVLW  02
00D5:  MOVWF  33
00D6:  CALL   0A5
00D7:  GOTO   0E2
....................      #endif 
....................       
....................       case '\b'   : lcd_send_byte(0,0x10);  break; 
00D8:  CLRF   36
00D9:  MOVLW  10
00DA:  MOVWF  37
00DB:  CALL   034
00DC:  GOTO   0E2
....................       
....................      #if defined(LCD_EXTENDED_NEWLINE) 
....................       default     :  
....................          if (g_LcdX < LCD_LINE_LENGTH) 
....................          { 
....................             lcd_send_byte(1, c); 
....................             g_LcdX++; 
....................          } 
....................          break; 
....................      #else 
....................       default     : lcd_send_byte(1,c);     break; 
00DD:  MOVLW  01
00DE:  MOVWF  36
00DF:  MOVF   31,W
00E0:  MOVWF  37
00E1:  CALL   034
....................      #endif 
....................    } 
00E2:  RETURN
.................... } 
....................   
.................... char lcd_getc(unsigned int8 x, unsigned int8 y) 
.................... { 
....................    char value; 
....................  
....................    lcd_gotoxy(x,y); 
....................    while ( bit_test(lcd_read_byte(),7) ); // wait until busy flag is low 
....................    lcd_output_rs(1); 
....................    value = lcd_read_byte(); 
....................    lcd_output_rs(0); 
....................     
....................    return(value); 
.................... } 
....................  
.................... // write a custom character to the ram 
.................... // which is 0-7 and specifies which character array we are modifying. 
.................... // ptr points to an array of 8 bytes, where each byte is the next row of 
.................... //    pixels.  only bits 0-4 are used.  the last row is the cursor row, and 
.................... //    usually you will want to leave this byte 0x00. 
.................... void lcd_set_cgram_char(unsigned int8 which, unsigned int8 *ptr) 
.................... { 
....................    unsigned int i; 
....................  
....................    which <<= 3; 
....................    which &= 0x38; 
....................  
....................    lcd_send_byte(0, 0x40 | which);  //set cgram address 
....................  
....................    for(i=0; i<8; i++) 
....................    { 
....................       lcd_send_byte(1, *ptr++); 
....................    } 
....................    
....................    #if defined(LCD_EXTENDED_NEWLINE) 
....................     lcd_gotoxy(g_LcdX+1, g_LcdY+1);  //set ddram address 
....................    #endif 
.................... } 
....................  
.................... void lcd_cursor_on(int1 on) 
.................... { 
....................    if (on) 
....................    { 
....................       lcd_send_byte(0,0x0F);           //turn LCD cursor ON 
....................    } 
....................    else 
....................    { 
....................       lcd_send_byte(0,0x0C);           //turn LCD cursor OFF 
....................    } 
.................... } 
....................  
.................... #endif 
....................  
.................... int16 num; 
.................... int16 num2=1; 
.................... int16 sum;// este 16 en el int aumenta la capacidad de los bit de 8 a 16 
.................... int16 valorAnalogo; 
.................... void main() 
*
0193:  MOVLW  71
0194:  BSF    03.5
0195:  MOVWF  0F
0196:  MOVF   0F,W
0197:  BCF    03.5
0198:  CLRF   23
0199:  MOVLW  01
019A:  MOVWF  22
019B:  BSF    03.5
019C:  BSF    03.6
019D:  MOVF   09,W
019E:  ANDLW  C0
019F:  MOVWF  09
01A0:  BCF    03.6
01A1:  BCF    1F.4
01A2:  BCF    1F.5
01A3:  MOVLW  00
01A4:  BSF    03.6
01A5:  MOVWF  08
01A6:  BCF    03.5
01A7:  CLRF   07
01A8:  CLRF   08
01A9:  CLRF   09
01AA:  BCF    03.7
01AB:  MOVLW  1F
01AC:  ANDWF  03,F
....................  
....................  
....................    { 
....................       lcd_init(); 
01AD:  BCF    03.6
01AE:  CALL   074
....................       set_tris_e(0xFF); 
01AF:  BSF    03.5
01B0:  BSF    09.0
01B1:  BSF    09.1
01B2:  BSF    09.2
01B3:  BSF    09.3
....................       SETUP_ADC_PORTS (sAN5); 
01B4:  BSF    03.6
01B5:  MOVF   09,W
01B6:  ANDLW  C0
01B7:  MOVWF  09
01B8:  BCF    03.6
01B9:  BCF    1F.4
01BA:  BCF    1F.5
01BB:  MOVLW  20
01BC:  BSF    03.6
01BD:  MOVWF  08
....................       SET_ADC_CHANNEL(5); 
01BE:  MOVLW  14
01BF:  MOVWF  78
01C0:  BCF    03.5
01C1:  BCF    03.6
01C2:  MOVF   1F,W
01C3:  ANDLW  C3
01C4:  IORWF  78,W
01C5:  MOVWF  1F
....................       setup_adc(ADC_CLOCK_DIV_32); 
01C6:  BCF    1F.6
01C7:  BSF    1F.7
01C8:  BSF    03.5
01C9:  BCF    1F.7
01CA:  BCF    03.5
01CB:  BSF    1F.0
....................       lcd_init(); 
01CC:  CALL   074
....................        
....................        
....................       while (1) 
....................      { 
....................                    
....................         valorAnalogo = read_adc(); 
01CD:  BSF    1F.1
01CE:  BTFSC  1F.1
01CF:  GOTO   1CE
01D0:  CLRF   27
01D1:  MOVF   1E,W
01D2:  MOVWF  26
....................         sum = (int16) valorAnalogo + num2; 
01D3:  MOVF   22,W
01D4:  ADDWF  26,W
01D5:  MOVWF  24
01D6:  MOVF   27,W
01D7:  MOVWF  25
01D8:  MOVF   23,W
01D9:  BTFSC  03.0
01DA:  INCFSZ 23,W
01DB:  ADDWF  25,F
....................         lcd_putc("\f");//limpiar la pantalla 
01DC:  MOVLW  0C
01DD:  BSF    03.6
01DE:  MOVWF  0D
01DF:  MOVLW  00
01E0:  MOVWF  0F
01E1:  BCF    03.6
01E2:  GOTO   0E3
....................         printf(lcd_putc,"%lu+%lu=%lu",valorAnalogo,num2,sum);// sele asigno una l a la u para que pase a 16bit en ves de  los 8 bit 
01E3:  MOVLW  10
01E4:  MOVWF  04
01E5:  MOVF   27,W
01E6:  MOVWF  29
01E7:  MOVF   26,W
01E8:  MOVWF  28
01E9:  CALL   130
01EA:  MOVLW  2B
01EB:  MOVWF  31
01EC:  CALL   0B7
01ED:  MOVLW  10
01EE:  MOVWF  04
01EF:  MOVF   23,W
01F0:  MOVWF  29
01F1:  MOVF   22,W
01F2:  MOVWF  28
01F3:  CALL   130
01F4:  MOVLW  3D
01F5:  MOVWF  31
01F6:  CALL   0B7
01F7:  MOVLW  10
01F8:  MOVWF  04
01F9:  MOVF   25,W
01FA:  MOVWF  29
01FB:  MOVF   24,W
01FC:  MOVWF  28
01FD:  CALL   130
....................    
....................         delay_ms(1000); 
01FE:  MOVLW  04
01FF:  MOVWF  28
0200:  MOVLW  FA
0201:  MOVWF  32
0202:  CALL   00D
0203:  DECFSZ 28,F
0204:  GOTO   200
0205:  GOTO   1CD
....................              
....................          } 
....................    } 
0206:  SLEEP

Configuration Fuses:
   Word  1: 2FE4   INTRC_IO NOWDT PUT MCLR NOPROTECT NOCPD BROWNOUT IESO FCMEN NOLVP NODEBUG
   Word  2: 3FFF   BORV40 NOWRT
